Покупатель 3 встал в очередь в отделе 1
Покупатель 2 встал в очередь в отделе 3
Покупатель 1 встал в очередь в отделе 2
Отдел 1 обслужил покупателя 3
Отдел 2 обслужил покупателя 1
Отдел 3 обслужил покупателя 2
Покупатель 3 встал в очередь в отделе 3
Отдел 3 обслужил покупателя 3
Покупатель 3 встал в очередь в отделе 1
Отдел 1 обслужил покупателя 3
КОНЕЦ РАБОТЫ МАГАЗИНА
