Покупатель 1 встал в очередь в отделе 1
Отдел 1 обслужил покупателя 1
КОНЕЦ РАБОТЫ МАГАЗИНА
